<testsuite errors="0" failures="0" name="Django Project Tests" skips="0" tests="13" time="0.787"><testcase classname="STEM.tests.EstudiantesAPITestCase" name="test_get_item" time="0.210317" /><testcase classname="STEM.tests.EstudiantesAPITestCase" name="test_single_post" time="0.101400" /><testcase classname="STEM.tests.EstudiantesAPITestCase" name="test_single_user" time="0.108056" /><testcase classname="STEM.tests.test_estudiante" name="test_get_by_id" time="0.012794" /><testcase classname="STEM.tests.test_estudiante" name="test_verificar_PASOU2M_pred" time="0.016347" /><testcase classname="STEM.tests.test_estudiante" name="test_verificar_PAU1T_pred" time="0.024360" /><testcase classname="STEM.tests.test_estudiante" name="test_verificar_PFU2C_pred" time="0.018051" /><testcase classname="STEM.tests.test_estudiante" name="test_verificar_genero_es1" time="0.046680" /><testcase classname="STEM.tests.test_estudiante" name="test_verificar_gpIngenieria_es2" time="0.032111" /><testcase classname="STEM.tests.test_estudiante" name="test_verificar_grado_es1" time="0.043138" /><testcase classname="STEM.tests.test_estudiante" name="test_verificar_numHermanos_es2" time="0.020154" /><testcase classname="STEM.tests.test_estudiante" name="test_verificar_vcMadre_es1" time="0.024926" /><testcase classname="STEM.tests.test_estudiante" name="test_verificar_vcPadre_es2" time="0.030587" /></testsuite>